Microchip MPLAB XC8 Compiler V1.36 ()

Linker command line:

-W-3 --edf=/Applications/microchip/xc8/v1.36/dat/en_msgs.txt -cs \
  -h+dist/default/production/PIC_ParkingAsst.X.production.sym \
  --cmf=dist/default/production/PIC_ParkingAsst.X.production.cmf -z \
  -Q18F2520 -o/tmp/xcGnmvXzF \
  -Mdist/default/production/PIC_ParkingAsst.X.production.map -E1 -ver=XC8 \
  -ASTACK=080h-05ffh -pstack=STACK -ACODE=00h-07FFFh -ACONST=00h-07FFFh \
  -ASMALLCONST=0600h-06FFhx122 -AMEDIUMCONST=0600h-07FFFh -ACOMRAM=01h-07Fh \
  -AABS1=00h-05FFh -ABIGRAM=01h-05FFh -ARAM=080h-0FFh,0100h-01FFhx5 \
  -ABANK0=080h-0FFh -ABANK1=0100h-01FFh -ABANK2=0200h-02FFh \
  -ABANK3=0300h-03FFh -ABANK4=0400h-04FFh -ABANK5=0500h-05FFh \
  -ASFR=0F80h-0FFFh -preset_vec=00h,intcode,intcodelo,powerup,init,end_init \
  -pramtop=0600h -psmallconst=SMALLCONST -pmediumconst=MEDIUMCONST \
  -pconst=CONST -AFARRAM=00h-00h -ACONFIG=0300000h-030000Dh -pconfig=CONFIG \
  -AIDLOC=0200000h-0200007h -pidloc=IDLOC -AEEDATA=0F00000h-0F000FFh \
  -peeprom_data=EEDATA \
  -prdata=COMRAM,nvrram=COMRAM,nvbit=COMRAM,rbss=COMRAM,rbit=COMRAM \
  -pfarbss=FARRAM,fardata=FARRAM,nvFARRAM=FARRAM \
  -pintsave_regs=BIGRAM,bigbss=BIGRAM,bigdata=BIGRAM -pbss=RAM \
  -pidata=CODE,irdata=CODE,ibigdata=CODE,ifardata=CODE -prparam=COMRAM \
  /tmp/xc61TjMwb.obj \
  dist/default/production/PIC_ParkingAsst.X.production.obj 

Object code version is 3.11

Machine type is 18F2520

Call graph: (short form)




                Name                               Link     Load   Length Selector   Space Scale
/tmp/xc61TjMwb.obj
                end_init                              0        0        4        0       0
                idloc                            200000   200000        8   200000       0
                config                           300000   300000        E   300000       0
dist/default/production/PIC_ParkingAsst.X.production.obj
                text8                              7CE0     7CE0       82     3E70       0
                text7                              7C8A     7C8A       56     3E45       0
                text6                              7C38     7C38       52     3E1C       0
                text5                              7C1A     7C1A       1E     3E0D       0
                text4                              7E68     7E68      198     3F34       0
                text3                              7BF8     7BF8        8     3DFC       0
                text2                              7C00     7C00        8     3E00       0
                text1                              7C08     7C08        8     3E04       0
                text0                              7D62     7D62      106     3EB1       0
                cstackCOMRAM                          1        1       39        1       1
                cinit                              7C10     7C10        A     3E08       0

TOTAL           Name                               Link     Load   Length     Space
        CLASS   STACK          

        CLASS   CODE           
                end_init                              0        0        4         0
                text8                              7CE0     7CE0       82         0
                text7                              7C8A     7C8A       56         0
                text6                              7C38     7C38       52         0
                text5                              7C1A     7C1A       1E         0
                text4                              7E68     7E68      198         0
                text3                              7BF8     7BF8        8         0
                text2                              7C00     7C00        8         0
                text1                              7C08     7C08        8         0
                text0                              7D62     7D62      106         0
                cinit                              7C10     7C10        A         0

        CLASS   CONST          

        CLASS   SMALLCONST     

        CLASS   MEDIUMCONST    

        CLASS   COMRAM         
                cstackCOMRAM                          1        1       39         1

        CLASS   ABS1           

        CLASS   BIGRAM         

        CLASS   RAM            

        CLASS   BANK0          

        CLASS   BANK1          

        CLASS   BANK2          

        CLASS   BANK3          

        CLASS   BANK4          

        CLASS   BANK5          

        CLASS   SFR            

        CLASS   FARRAM         

        CLASS   CONFIG         
                config                           300000   300000        E         0

        CLASS   IDLOC          
                idloc                            200000   200000        8         0

        CLASS   EEDATA         



SEGMENTS        Name                           Load    Length   Top    Selector   Space  Class

                reset_vec                      000000  000004  000004         0       0  CODE    
                cstackCOMRAM                   000001  000039  00003A         1       1  COMRAM  
                text3                          007BF8  000008  007C00      3DFC       0  CODE    
                text2                          007C00  000008  007C08      3E00       0  CODE    
                text1                          007C08  000008  007C10      3E04       0  CODE    
                cinit                          007C10  00000A  007C1A      3E08       0  CODE    
                text5                          007C1A  00001E  007C38      3E0D       0  CODE    
                text6                          007C38  000052  007C8A      3E1C       0  CODE    
                text7                          007C8A  000056  007CE0      3E45       0  CODE    
                text8                          007CE0  000082  007D62      3E70       0  CODE    
                text0                          007D62  000106  007E68      3EB1       0  CODE    
                text4                          007E68  000198  008000      3F34       0  CODE    
                idloc                          200000  000008  200008    200000       0  IDLOC   
                config                         300000  00000E  30000E    300000       0  CONFIG  


UNUSED ADDRESS RANGES

        Name                Unused          Largest block    Delta
        BANK0            000080-0000FF               80
        BANK1            000100-0001FF              100
        BANK2            000200-0002FF              100
        BANK3            000300-0003FF              100
        BANK4            000400-0004FF              100
        BANK5            000500-0005FF              100
        BIGRAM           00003A-0005FF              5C6
        CODE             000004-007BF7             7BF4
        COMRAM           00003A-00007F               46
        CONST            000004-007BF7             7BF4
        EEDATA           F00000-F000FF              100
        MEDIUMCONST      000600-007BF7             75F8
        RAM              000080-0005FF              100
        SFR              000F80-000FFF               80
        SMALLCONST       000600-007BF7              100
        STACK            000080-0005FF              580

                                  Symbol Table

?___lldiv                 cstackCOMRAM 000001
?___lmul                  cstackCOMRAM 000001
?___lwdiv                 cstackCOMRAM 000001
?_checkDistance           cstackCOMRAM 00000E
_ADCON1                   (abs)        000FC1
_CMCON                    (abs)        000FB4
_INTCON2                  (abs)        000FF1
_LATA                     (abs)        000F89
_LATB                     (abs)        000F8A
_LATBbits                 (abs)        000F8A
_OSCCON                   (abs)        000FD3
_PORTBbits                (abs)        000F81
_T0CON                    (abs)        000FD5
_T0CONbits                (abs)        000FD5
_TMR0H                    (abs)        000FD7
_TMR0L                    (abs)        000FD6
_TRISA                    (abs)        000F92
_TRISB                    (abs)        000F93
_TRISBbits                (abs)        000F93
__CFG_LVP$OFF             (abs)        000000
__CFG_OSC$INTIO67         (abs)        000000
__CFG_PBADEN$OFF          (abs)        000000
__CFG_WDT$OFF             (abs)        000000
__HRAM                    (abs)        000000
__Habs1                   abs1         000000
__Hbank0                  bank0        000000
__Hbank1                  bank1        000000
__Hbank2                  bank2        000000
__Hbank3                  bank3        000000
__Hbank4                  bank4        000000
__Hbank5                  bank5        000000
__Hbigbss                 bigbss       000000
__Hbigdata                bigdata      000000
__Hbigram                 bigram       000000
__Hbss                    bss          000000
__Hcinit                  cinit        000000
__Hclrtext                clrtext      000000
__Hcomram                 comram       000000
__Hconfig                 config       30000E
__Hconst                  const        000000
__HcstackCOMRAM           cstackCOMRAM 000000
__Hdata                   data         000000
__Heeprom_data            eeprom_data  000000
__Hend_init               end_init     000004
__Hfarbss                 farbss       000000
__Hfardata                fardata      000000
__Hibigdata               ibigdata     000000
__Hidata                  idata        000000
__Hidloc                  idloc        200008
__Hifardata               ifardata     000000
__Hinit                   init         000000
__Hintcode                intcode      000000
__Hintcode_body           intcode_body 000000
__Hintcodelo              intcodelo    000000
__Hintentry               intentry     000000
__Hintret                 intret       000000
__Hintsave_regs           intsave_regs 000000
__Hirdata                 irdata       000000
__Hmediumconst            mediumconst  000000
__HnvFARRAM               nvFARRAM     000000
__Hnvbit                  nvbit        000000
__Hnvrram                 nvrram       000000
__Hparam                  rparam       000000
__Hpowerup                powerup      000000
__Hram                    ram          000000
__Hramtop                 ramtop       000600
__Hrbit                   rbit         000000
__Hrbss                   rbss         000000
__Hrdata                  rdata        000000
__Hreset_vec              reset_vec    000000
__Hrparam                 rparam       000000
__Hsfr                    sfr          000000
__Hsmallconst             smallconst   000000
__Hspace_0                (abs)        30000E
__Hspace_1                (abs)        00003A
__Hspace_2                (abs)        000000
__Hstack                  stack        000000
__Hstruct                 struct       000000
__Htemp                   temp         000000
__Htext                   text         000000
__Htext0                  text0        000000
__Htext1                  text1        000000
__Htext2                  text2        000000
__Htext3                  text3        000000
__Htext4                  text4        000000
__Htext5                  text5        000000
__Htext6                  text6        000000
__Htext7                  text7        000000
__Htext8                  text8        000000
__LRAM                    (abs)        000001
__Labs1                   abs1         000000
__Lbank0                  bank0        000000
__Lbank1                  bank1        000000
__Lbank2                  bank2        000000
__Lbank3                  bank3        000000
__Lbank4                  bank4        000000
__Lbank5                  bank5        000000
__Lbigbss                 bigbss       000000
__Lbigdata                bigdata      000000
__Lbigram                 bigram       000000
__Lbss                    bss          000000
__Lcinit                  cinit        000000
__Lclrtext                clrtext      000000
__Lcomram                 comram       000000
__Lconfig                 config       300000
__Lconst                  const        000000
__LcstackCOMRAM           cstackCOMRAM 000000
__Ldata                   data         000000
__Leeprom_data            eeprom_data  000000
__Lend_init               end_init     000000
__Lfarbss                 farbss       000000
__Lfardata                fardata      000000
__Libigdata               ibigdata     000000
__Lidata                  idata        000000
__Lidloc                  idloc        200000
__Lifardata               ifardata     000000
__Linit                   init         000000
__Lintcode                intcode      000000
__Lintcode_body           intcode_body 000000
__Lintcodelo              intcodelo    000000
__Lintentry               intentry     000000
__Lintret                 intret       000000
__Lintsave_regs           intsave_regs 000000
__Lirdata                 irdata       000000
__Lmediumconst            mediumconst  000000
__LnvFARRAM               nvFARRAM     000000
__Lnvbit                  nvbit        000000
__Lnvrram                 nvrram       000000
__Lparam                  rparam       000000
__Lpowerup                powerup      000000
__Lram                    ram          000000
__Lramtop                 ramtop       000600
__Lrbit                   rbit         000000
__Lrbss                   rbss         000000
__Lrdata                  rdata        000000
__Lreset_vec              reset_vec    000000
__Lrparam                 rparam       000000
__Lsfr                    sfr          000000
__Lsmallconst             smallconst   000000
__Lspace_0                (abs)        000000
__Lspace_1                (abs)        000000
__Lspace_2                (abs)        000000
__Lstack                  stack        000000
__Lstruct                 struct       000000
__Ltemp                   temp         000000
__Ltext                   text         000000
__Ltext0                  text0        000000
__Ltext1                  text1        000000
__Ltext2                  text2        000000
__Ltext3                  text3        000000
__Ltext4                  text4        000000
__Ltext5                  text5        000000
__Ltext6                  text6        000000
__Ltext7                  text7        000000
__Ltext8                  text8        000000
__S0                      (abs)        30000E
__S1                      (abs)        00003A
__S2                      (abs)        000000
___inthi_sp               stack        000000
___intlo_sp               stack        000000
___lldiv                  text8        007CE0
___lldiv@counter          cstackCOMRAM 00000D
___lldiv@dividend         cstackCOMRAM 000001
___lldiv@divisor          cstackCOMRAM 000005
___lldiv@quotient         cstackCOMRAM 000009
___lmul                   text7        007C8A
___lmul@multiplicand      cstackCOMRAM 000005
___lmul@multiplier        cstackCOMRAM 000001
___lmul@product           cstackCOMRAM 000009
___lwdiv                  text6        007C38
___lwdiv@counter          cstackCOMRAM 000007
___lwdiv@dividend         cstackCOMRAM 000001
___lwdiv@divisor          cstackCOMRAM 000003
___lwdiv@quotient         cstackCOMRAM 000005
___param_bank             (abs)        000010
___rparam_used            (abs)        000001
___sp                     stack        000000
__accesstop               (abs)        000080
__activetblptr            (abs)        000002
__end_of___lldiv          text8        007D62
__end_of___lmul           text7        007CE0
__end_of___lwdiv          text6        007C8A
__end_of__initialization  cinit        007C10
__end_of_checkDistance    text4        008000
__end_of_delay_timer      text5        007C38
__end_of_main             text0        007E68
__end_of_setGreenLight    text3        007C00
__end_of_setRedLight      text2        007C08
__end_of_setYellowLight   text1        007C10
__initialization          cinit        007C10
__mediumconst             mediumconst  000000
__pcinit                  cinit        007C10
__pcstackCOMRAM           cstackCOMRAM 000001
__ptext0                  text0        007D62
__ptext1                  text1        007C08
__ptext2                  text2        007C00
__ptext3                  text3        007BF8
__ptext4                  text4        007E68
__ptext5                  text5        007C1A
__ptext6                  text6        007C38
__ptext7                  text7        007C8A
__ptext8                  text8        007CE0
__ramtop                  ramtop       000600
__size_of___lldiv         (abs)        000000
__size_of___lmul          (abs)        000000
__size_of___lwdiv         (abs)        000000
__size_of_checkDistance   (abs)        000000
__size_of_delay_timer     (abs)        000000
__size_of_main            (abs)        000000
__size_of_setGreenLight   (abs)        000000
__size_of_setRedLight     (abs)        000000
__size_of_setYellowLight  (abs)        000000
__smallconst              smallconst   000000
_checkDistance            text4        007E68
_delay_timer              text5        007C1A
_main                     text0        007D62
_setGreenLight            text3        007BF8
_setRedLight              text2        007C00
_setYellowLight           text1        007C08
checkDistance@Th          cstackCOMRAM 000029
checkDistance@Tl          cstackCOMRAM 000028
checkDistance@Tm          cstackCOMRAM 000030
checkDistance@avgDistance cstackCOMRAM 00002A
checkDistance@ctr         cstackCOMRAM 00002C
checkDistance@ctr2        cstackCOMRAM 00002E
checkDistance@distance    cstackCOMRAM 000014
delay_timer@i             cstackCOMRAM 000001
end_of_initialization     cinit        007C10
intlevel0                 text         000000
intlevel1                 text         000000
intlevel2                 text         000000
intlevel3                 text         000000
main@distance             cstackCOMRAM 000038
main@state_CURRENT        cstackCOMRAM 000036
stackhi                   (abs)        0005FF
stacklo                   (abs)        000080
start                     init         000000
start_initialization      cinit        007C10


FUNCTION INFORMATION:

 *************** function _main *****************
 Defined at:
		line 48 in file "main.c"
 Parameters:    Size  Location     Type
		None
 Auto vars:     Size  Location     Type
  distance        2   55[COMRAM] unsigned int 
  state_CURREN    2   53[COMRAM] unsigned int 
 Return value:  Size  Location     Type
                  1    wreg      void 
 Registers used:
		wreg, fsr2l, fsr2h, status,2, status,0, cstack
 Tracked objects:
		On entry : 
		On exit  : 
		Unchanged: 
 Data sizes:     COMRAM   BANK0   BANK1   BANK2   BANK3   BANK4   BANK5
      Params:         0       0       0       0       0       0       0
      Locals:         4       0       0       0       0       0       0
      Temps:          2       0       0       0       0       0       0
      Totals:         6       0       0       0       0       0       0
Total ram usage:        6 bytes
 Hardware stack levels required when called:    2
 This function calls:
		_checkDistance
		_setGreenLight
		_setRedLight
		_setYellowLight
 This function is called by:
		Startup code after reset
 This function uses a non-reentrant model


 *************** function _setYellowLight *****************
 Defined at:
		line 184 in file "main.c"
 Parameters:    Size  Location     Type
		None
 Auto vars:     Size  Location     Type
		None
 Return value:  Size  Location     Type
                  1    wreg      void 
 Registers used:
		None
 Tracked objects:
		On entry : 
		On exit  : 
		Unchanged: 
 Data sizes:     COMRAM   BANK0   BANK1   BANK2   BANK3   BANK4   BANK5
      Params:         0       0       0       0       0       0       0
      Locals:         0       0       0       0       0       0       0
      Temps:          0       0       0       0       0       0       0
      Totals:         0       0       0       0       0       0       0
Total ram usage:        0 bytes
 Hardware stack levels used:    1
 This function calls:
		Nothing
 This function is called by:
		_main
 This function uses a non-reentrant model


 *************** function _setRedLight *****************
 Defined at:
		line 190 in file "main.c"
 Parameters:    Size  Location     Type
		None
 Auto vars:     Size  Location     Type
		None
 Return value:  Size  Location     Type
                  1    wreg      void 
 Registers used:
		None
 Tracked objects:
		On entry : 
		On exit  : 
		Unchanged: 
 Data sizes:     COMRAM   BANK0   BANK1   BANK2   BANK3   BANK4   BANK5
      Params:         0       0       0       0       0       0       0
      Locals:         0       0       0       0       0       0       0
      Temps:          0       0       0       0       0       0       0
      Totals:         0       0       0       0       0       0       0
Total ram usage:        0 bytes
 Hardware stack levels used:    1
 This function calls:
		Nothing
 This function is called by:
		_main
 This function uses a non-reentrant model


 *************** function _setGreenLight *****************
 Defined at:
		line 177 in file "main.c"
 Parameters:    Size  Location     Type
		None
 Auto vars:     Size  Location     Type
		None
 Return value:  Size  Location     Type
                  1    wreg      void 
 Registers used:
		None
 Tracked objects:
		On entry : 
		On exit  : 
		Unchanged: 
 Data sizes:     COMRAM   BANK0   BANK1   BANK2   BANK3   BANK4   BANK5
      Params:         0       0       0       0       0       0       0
      Locals:         0       0       0       0       0       0       0
      Temps:          0       0       0       0       0       0       0
      Totals:         0       0       0       0       0       0       0
Total ram usage:        0 bytes
 Hardware stack levels used:    1
 This function calls:
		Nothing
 This function is called by:
		_main
 This function uses a non-reentrant model


 *************** function _checkDistance *****************
 Defined at:
		line 125 in file "main.c"
 Parameters:    Size  Location     Type
		None
 Auto vars:     Size  Location     Type
  ctr2            2   45[COMRAM] int 
  ctr             2   43[COMRAM] int 
  distance       20   19[COMRAM] unsigned int [10]
  Tm              4   47[COMRAM] unsigned long 
  avgDistance     2   41[COMRAM] unsigned int 
  Th              1   40[COMRAM] unsigned char 
  Tl              1   39[COMRAM] unsigned char 
 Return value:  Size  Location     Type
                  2   13[COMRAM] int 
 Registers used:
		wreg, fsr2l, fsr2h, status,2, status,0, cstack
 Tracked objects:
		On entry : 
		On exit  : 
		Unchanged: 
 Data sizes:     COMRAM   BANK0   BANK1   BANK2   BANK3   BANK4   BANK5
      Params:         2       0       0       0       0       0       0
      Locals:        32       0       0       0       0       0       0
      Temps:          4       0       0       0       0       0       0
      Totals:        38       0       0       0       0       0       0
Total ram usage:       38 bytes
 Hardware stack levels used:    1
 Hardware stack levels required when called:    1
 This function calls:
		___lldiv
		___lmul
		___lwdiv
		_delay_timer
 This function is called by:
		_main
 This function uses a non-reentrant model


 *************** function _delay_timer *****************
 Defined at:
		line 119 in file "main.c"
 Parameters:    Size  Location     Type
		None
 Auto vars:     Size  Location     Type
  i               2    0[COMRAM] int 
 Return value:  Size  Location     Type
                  1    wreg      void 
 Registers used:
		wreg, status,2, status,0
 Tracked objects:
		On entry : 
		On exit  : 
		Unchanged: 
 Data sizes:     COMRAM   BANK0   BANK1   BANK2   BANK3   BANK4   BANK5
      Params:         0       0       0       0       0       0       0
      Locals:         2       0       0       0       0       0       0
      Temps:          0       0       0       0       0       0       0
      Totals:         2       0       0       0       0       0       0
Total ram usage:        2 bytes
 Hardware stack levels used:    1
 This function calls:
		Nothing
 This function is called by:
		_checkDistance
 This function uses a non-reentrant model


 *************** function ___lwdiv *****************
 Defined at:
		line 8 in file "/Applications/microchip/xc8/v1.36/sources/common/lwdiv.c"
 Parameters:    Size  Location     Type
  dividend        2    0[COMRAM] unsigned int 
  divisor         2    2[COMRAM] unsigned int 
 Auto vars:     Size  Location     Type
  quotient        2    4[COMRAM] unsigned int 
  counter         1    6[COMRAM] unsigned char 
 Return value:  Size  Location     Type
                  2    0[COMRAM] unsigned int 
 Registers used:
		wreg, status,2, status,0
 Tracked objects:
		On entry : 
		On exit  : 
		Unchanged: 
 Data sizes:     COMRAM   BANK0   BANK1   BANK2   BANK3   BANK4   BANK5
      Params:         4       0       0       0       0       0       0
      Locals:         3       0       0       0       0       0       0
      Temps:          0       0       0       0       0       0       0
      Totals:         7       0       0       0       0       0       0
Total ram usage:        7 bytes
 Hardware stack levels used:    1
 This function calls:
		Nothing
 This function is called by:
		_checkDistance
 This function uses a non-reentrant model


 *************** function ___lmul *****************
 Defined at:
		line 15 in file "/Applications/microchip/xc8/v1.36/sources/common/Umul32.c"
 Parameters:    Size  Location     Type
  multiplier      4    0[COMRAM] unsigned long 
  multiplicand    4    4[COMRAM] unsigned long 
 Auto vars:     Size  Location     Type
  product         4    8[COMRAM] unsigned long 
 Return value:  Size  Location     Type
                  4    0[COMRAM] unsigned long 
 Registers used:
		wreg, status,2, status,0
 Tracked objects:
		On entry : 
		On exit  : 
		Unchanged: 
 Data sizes:     COMRAM   BANK0   BANK1   BANK2   BANK3   BANK4   BANK5
      Params:         8       0       0       0       0       0       0
      Locals:         4       0       0       0       0       0       0
      Temps:          0       0       0       0       0       0       0
      Totals:        12       0       0       0       0       0       0
Total ram usage:       12 bytes
 Hardware stack levels used:    1
 This function calls:
		Nothing
 This function is called by:
		_checkDistance
 This function uses a non-reentrant model


 *************** function ___lldiv *****************
 Defined at:
		line 8 in file "/Applications/microchip/xc8/v1.36/sources/common/lldiv.c"
 Parameters:    Size  Location     Type
  dividend        4    0[COMRAM] unsigned long 
  divisor         4    4[COMRAM] unsigned long 
 Auto vars:     Size  Location     Type
  quotient        4    8[COMRAM] unsigned long 
  counter         1   12[COMRAM] unsigned char 
 Return value:  Size  Location     Type
                  4    0[COMRAM] unsigned long 
 Registers used:
		wreg, status,2, status,0
 Tracked objects:
		On entry : 
		On exit  : 
		Unchanged: 
 Data sizes:     COMRAM   BANK0   BANK1   BANK2   BANK3   BANK4   BANK5
      Params:         8       0       0       0       0       0       0
      Locals:         5       0       0       0       0       0       0
      Temps:          0       0       0       0       0       0       0
      Totals:        13       0       0       0       0       0       0
Total ram usage:       13 bytes
 Hardware stack levels used:    1
 This function calls:
		Nothing
 This function is called by:
		_checkDistance
 This function uses a non-reentrant model



MODULE INFORMATION

Module		Function		Class		Link	Load	Size
shared
		__initialization		CODE           	7C10	0000	1

shared estimated size: 1

/Applications/microchip/xc8/v1.36/sources/common/lwdiv.c
		___lwdiv       		CODE           	7C38	0000	83

/Applications/microchip/xc8/v1.36/sources/common/lwdiv.c estimated size: 83

main.c
		_setYellowLight		CODE           	7C08	0000	9
		_main          		CODE           	7D62	0000	263
		_checkDistance 		CODE           	7E68	0000	409
		_setGreenLight 		CODE           	7BF8	0000	9
		_setRedLight   		CODE           	7C00	0000	9
		_delay_timer   		CODE           	7C1A	0000	31

main.c estimated size: 730

/Applications/microchip/xc8/v1.36/sources/common/Umul32.c
		___lmul        		CODE           	7C8A	0000	87

/Applications/microchip/xc8/v1.36/sources/common/Umul32.c estimated size: 87

/Applications/microchip/xc8/v1.36/sources/common/lldiv.c
		___lldiv       		CODE           	7CE0	0000	131

/Applications/microchip/xc8/v1.36/sources/common/lldiv.c estimated size: 131

